// Jest Snapshot v1, https://goo.gl/fbAQLP

exports[`renders correctly 1`] = `
<div>
  <div
    className="search"
  >
    <input
      className="searchFiled"
      onChange={[Function]}
      placeholder="Search...."
    />
  </div>
  <div
    className="wrapper"
  />
</div>
`;
